// Jest Snapshot v1, https://goo.gl/fbAQLP

exports[`renders a button 1`] = `
<div>
  <button
    type="button"
  >
    Cool button
  </button>
</div>
`;
